mode: set
personal/ShopDev/Go-BE/tests/basic/main.go:3.26,6.2 2 1
